// Jest Snapshot v1, https://goo.gl/fbAQLP

exports[` FriendsView Class renders correctly 1`] = `
<View>
  <View
    accessible={true}
    isTVSelectable={true}
    onResponderGrant={[Function]}
    onResponderMove={[Function]}
    onResponderRelease={[Function]}
    onResponderTerminate={[Function]}
    onResponderTerminationRequest={[Function]}
    onStartShouldSetResponder={[Function]}
    style={
      Object {
        "alignSelf": "center",
        "backgroundColor": "#F5F5F5",
        "height": 75,
        "justifyContent": "center",
        "marginBottom": 5,
        "opacity": 1,
        "textAlign": "center",
        "width": "100%",
      }
    }
  >
    <Text>
        Salim 
    </Text>
  </View>
  <View
    accessible={true}
    isTVSelectable={true}
    onResponderGrant={[Function]}
    onResponderMove={[Function]}
    onResponderRelease={[Function]}
    onResponderTerminate={[Function]}
    onResponderTerminationRequest={[Function]}
    onStartShouldSetResponder={[Function]}
    style={
      Object {
        "alignSelf": "center",
        "backgroundColor": "#F5F5F5",
        "height": 75,
        "justifyContent": "center",
        "marginBottom": 5,
        "opacity": 1,
        "textAlign": "center",
        "width": "100%",
      }
    }
  >
    <Text>
       Sury 
    </Text>
  </View>
</View>
`;

exports[`Chat Class renders correctly 1`] = `
<View
  onLayout={[Function]}
  style={
    Array [
      Object {
        "flex": 1,
        "flexDirection": "row",
        "paddingTop": 50,
      },
      Object {
        "paddingBottom": 0,
      },
    ]
  }
>
  <View>
    <Text>
      Name
    </Text>
  </View>
  <View
    style={
      Object {
        "justifyContent": "flex-end",
        "marginBottom": 20,
      }
    }
  >
    <TextInput
      allowFontScaling={true}
      onChangeText={[Function]}
      onSubmitEditing={[Function]}
      placeholder="message"
      style={
        Object {
          "borderColor": "gray",
          "height": 40,
          "width": 500,
        }
      }
      underlineColorAndroid="transparent"
      value=""
    />
  </View>
</View>
`;

exports[`Map Class renders correctly 1`] = `
<View>
  <Text>
    Loading Location
  </Text>
</View>
`;

exports[`Place Class renders correctly 1`] = `
<View>
  <AIRMapMarker
    coordinate={
      Object {
        "latitude": undefined,
        "longitude": undefined,
      }
    }
    onPress={[Function]}
    stopPropagation={false}
    style={
      Array [
        Object {
          "backgroundColor": "transparent",
          "position": "absolute",
        },
        undefined,
      ]
    }
  >
    <View />
    <AIRMapCallout
      style={
        Array [
          Object {
            "position": "absolute",
          },
          Object {
            "alignItems": "center",
            "backgroundColor": "white",
            "borderRadius": 10,
            "flex": 1,
            "flexDirection": "column",
            "height": 150,
            "padding": 10,
            "shadowColor": "blue",
            "width": 300,
          },
        ]
      }
      tooltip={true}
    >
      <View>
        <Text
          style={
            Object {
              "fontSize": 13,
              "fontWeight": "600",
              "marginBottom": 10,
            }
          }
        />
      </View>
    </AIRMapCallout>
  </AIRMapMarker>
</View>
`;

exports[`Profiile Class renders correctly 1`] = `
<View
  style={
    Object {
      "flex": 1,
    }
  }
>
  <View
    style={
      Object {
        "alignItems": "center",
        "backgroundColor": "#F5F5F5",
        "flexDirection": "column",
        "height": "40%",
        "marginTop": 20,
        "padding": 10,
        "shadowColor": "blue",
        "width": "100%",
      }
    }
  >
    <View
      style={
        Object {
          "backgroundColor": "blue",
          "borderRadius": 50,
          "height": 100,
          "marginBottom": 20,
          "width": 100,
        }
      }
    />
    <Text>
      Salim Abubakar
    </Text>
    <Text>
      Portsmouth
    </Text>
    <View>
      <Text
        style={
          Object {
            "backgroundColor": "blue",
            "borderRadius": 12,
            "color": "white",
            "fontWeight": "bold",
            "marginTop": 10,
            "overflow": "hidden",
            "padding": 12,
            "textAlign": "center",
          }
        }
      >
        Edit Profile
      </Text>
    </View>
  </View>
</View>
`;

exports[`SearchBar Class renders correctly 1`] = `
<View
  style={
    Object {
      "backgroundColor": "pink",
      "flexDirection": "column",
      "height": 100,
      "width": 300,
    }
  }
>
  <View
    style={
      Object {
        "paddingTop": 20,
      }
    }
  >
    <TextInput
      allowFontScaling={true}
      style={
        Object {
          "borderColor": "gray",
          "borderWidth": 1,
          "height": 40,
        }
      }
      underlineColorAndroid="transparent"
    />
  </View>
</View>
`;

exports[`Users Class enders correctly 1`] = `
<View
  style={
    Object {
      "alignItems": "flex-start",
      "backgroundColor": "rgba(255,255,255,0.5)",
      "borderColor": "transparent",
      "borderRadius": 20,
      "borderWidth": 0,
      "flexDirection": "row",
      "height": 40,
      "justifyContent": "space-around",
      "marginLeft": 10,
      "marginRight": 10,
      "marginTop": 10,
      "paddingTop": 5,
      "width": "90%",
    }
  }
>
  <View
    style={
      Object {
        "backgroundColor": "yellow",
        "borderRadius": 15,
        "height": 30,
        "width": 30,
      }
    }
  />
  <Text />
</View>
`;
